ftbuk@bukola-pc:~$ git --version
git version 2.43.0
ftbuk@bukola-pc:~$ git clone https://YOUR_USERNAME@github.com/ymirsky/Kitsune-NIDS.git
Cloning into 'Kitsune-NIDS'...
Password for 'https://YOUR_USERNAME@github.com':
remote: Repository not found.
fatal: repository 'https://github.com/ymirsky/Kitsune-NIDS.git/' not found
ftbuk@bukola-pc:~$ git clone https://github.com/ymirsky/Kitsune-NIDS.git
Cloning into 'Kitsune-NIDS'...
Username for 'https://github.com': Chayil93
Password for 'https://Chayil93@github.com':
remote: Repository not found.
fatal: repository 'https://github.com/ymirsky/Kitsune-NIDS.git/' not found
ftbuk@bukola-pc:~$ git clone https://github.com/ymirsky/Kitsune-NIDS.git
Cloning into 'Kitsune-NIDS'...
Username for 'https://github.com': bfatoye
Password for 'https://bfatoye@github.com':
remote: Repository not found.
fatal: repository 'https://github.com/ymirsky/Kitsune-NIDS.git/' not found
ftbuk@bukola-pc:~$ git config --global --unset credential.helper
ftbuk@bukola-pc:~$ git config --system --unset credential.helper 2>/dev/null
ftbuk@bukola-pc:~$ repo
Command 'repo' not found, but can be installed with:
sudo apt install repo
ftbuk@bukola-pc:~$ git clone https://github.com/ymirsky/Kitsune-NIDS.git
Cloning into 'Kitsune-NIDS'...
Username for 'https://github.com': Chayil93
Password for 'https://Chayil93@github.com':
remote: Repository not found.
fatal: repository 'https://github.com/ymirsky/Kitsune-NIDS.git/' not found
ftbuk@bukola-pc:~$ git ls-remote https://github.com/ymirsky/Kitsune-NIDS.git
Username for 'https://github.com': Chayil93
Password for 'https://Chayil93@github.com':
remote: Repository not found.
fatal: repository 'https://github.com/ymirsky/Kitsune-NIDS.git/' not found
ftbuk@bukola-pc:~$ ssh-keygen -t ed25519 -C ftbukola@gmail.com
Generating public/private ed25519 key pair.
Enter file in which to save the key (/home/ftbuk/.ssh/id_ed25519):
/home/ftbuk/.ssh/id_ed25519 already exists.
Overwrite (y/n)? y
Enter passphrase (empty for no passphrase):
Enter same passphrase again:
Your identification has been saved in /home/ftbuk/.ssh/id_ed25519
Your public key has been saved in /home/ftbuk/.ssh/id_ed25519.pub
The key fingerprint is:
SHA256:Bqqv0n++BlC3L1bU4HTbmYy2JFbWAgmf6JQNjHPV02E ftbukola@gmail.com
The key's randomart image is:
+--[ED25519 256]--+
|     ooo=*+oE.   |
|    + +Oo==*oo   |
|   . +=oB =o=    |
|  .  +.o.+ .     |
|   .. .oS .      |
|   .. o..        |
| ..  o .         |
|. ..  o          |
| ..oo+o.         |
+----[SHA256]-----+
ftbuk@bukola-pc:~$ eval "$(ssh-agent -s)"
Agent pid 1916
ftbuk@bukola-pc:~$ ssh-add ~/.ssh/id_ed25519
Enter passphrase for /home/ftbuk/.ssh/id_ed25519:
Identity added: /home/ftbuk/.ssh/id_ed25519 (ftbukola@gmail.com)
ftbuk@bukola-pc:~$ cat ~/.ssh/id_ed25519.pub
ssh-ed25519 AAAAC3NzaC1lZDI1NTE5AAAAIIztYb4d0jzDTM8ycAgKG46bekVUzUJYhj6fn23xHfuk ftbukola@gmail.com
ftbuk@bukola-pc:~$ ssh -T git@github.com
The authenticity of host 'github.com (140.82.112.3)' can't be established.
ED25519 key fingerprint is SHA256:+DiY3wvvV6TuJJhbpZisF/zLDA0zPMSvHdkr4UvCOqU.
This key is not known by any other names.
Are you sure you want to continue connecting (yes/no/[fingerprint])? yes
Warning: Permanently added 'github.com' (ED25519) to the list of known hosts.
git@github.com: Permission denied (publickey).
ftbuk@bukola-pc:~$ cat ~/.ssh/id_ed25519.pub
ssh-ed25519 AAAAC3NzaC1lZDI1NTE5AAAAIIztYb4d0jzDTM8ycAgKG46bekVUzUJYhj6fn23xHfuk ftbukola@gmail.com
ftbuk@bukola-pc:~$ ssh -T git@github.com
Hi Chayil93! You've successfully authenticated, but GitHub does not provide shell access.
ftbuk@bukola-pc:~$ git clone git@github.com:ymirsky/Kitsune-NIDS.git
Cloning into 'Kitsune-NIDS'...
ERROR: Repository not found.
fatal: Could not read from remote repository.

Please make sure you have the correct access rights
and the repository exists.
ftbuk@bukola-pc:~$ git clone git@github.com:ymirsky/Kitsune.git
Cloning into 'Kitsune'...
remote: Enumerating objects: 77, done.
remote: Counting objects: 100% (38/38), done.
remote: Compressing objects: 100% (19/19), done.
remote: Total 77 (delta 22), reused 19 (delta 19), pack-reused 39 (from 1)
Receiving objects: 100% (77/77), 25.64 MiB | 23.74 MiB/s, done.
Resolving deltas: 100% (37/37), done.
ftbuk@bukola-pc:~$ cd Kitsune-NIDS
-bash: cd: Kitsune-NIDS: No such file or directory
ftbuk@bukola-pc:~$ cd Kitsune
ftbuk@bukola-pc:~/Kitsune$ ls
 AfterImage.py                FeatureExtractor.py  'Kitsune paper.pdf'   Kitsune_fig.png   README.md    mirai.zip    setup.py
 AfterImage_extrapolate.pyx   KitNET                Kitsune.py           LICENSE           example.py   netStat.py
ftbuk@bukola-pc:~/Kitsune$ python3 example.py
/home/ftbuk/Kitsune/FeatureExtractor.py:44: SyntaxWarning: invalid escape sequence '\P'
  return 'C:\Program Files\Wireshark\\tshark.exe'
Traceback (most recent call last):
  File "/home/ftbuk/Kitsune/example.py", line 1, in <module>
    from Kitsune import Kitsune
  File "/home/ftbuk/Kitsune/Kitsune.py", line 1, in <module>
    from FeatureExtractor import *
  File "/home/ftbuk/Kitsune/FeatureExtractor.py", line 12, in <module>
    import netStat as ns
  File "/home/ftbuk/Kitsune/netStat.py", line 1, in <module>
    import numpy as np
ModuleNotFoundError: No module named 'numpy'
ftbuk@bukola-pc:~/Kitsune$ pip3 install numpy
error: externally-managed-environment

× This environment is externally managed
╰─> To install Python packages system-wide, try apt install
    python3-xyz, where xyz is the package you are trying to
    install.

    If you wish to install a non-Debian-packaged Python package,
    create a virtual environment using python3 -m venv path/to/venv.
    Then use path/to/venv/bin/python and path/to/venv/bin/pip. Make
    sure you have python3-full installed.

    If you wish to install a non-Debian packaged Python application,
    it may be easiest to use pipx install xyz, which will manage a
    virtual environment for you. Make sure you have pipx installed.

    See /usr/share/doc/python3.12/README.venv for more information.

note: If you believe this is a mistake, please contact your Python installation or OS distribution provider. You can override this, at the risk of breaking your Python installation or OS, by passing --break-system-packages.
hint: See PEP 668 for the detailed specification.
ftbuk@bukola-pc:~/Kitsune$ sudo apt update
[sudo] password for ftbuk:
Hit:1 http://security.ubuntu.com/ubuntu noble-security InRelease
Hit:2 http://archive.ubuntu.com/ubuntu noble InRelease
Hit:3 http://archive.ubuntu.com/ubuntu noble-updates InRelease
Hit:4 http://archive.ubuntu.com/ubuntu noble-backports InRelease
Reading package lists... Done
Building dependency tree... Done
Reading state information... Done
60 packages can be upgraded. Run 'apt list --upgradable' to see them.
ftbuk@bukola-pc:~/Kitsune$ sudo apt install python3-full python3-venv -y
Reading package lists... Done
Building dependency tree... Done
Reading state information... Done
The following additional packages will be installed:
  2to3 blt fonts-mathjax idle idle-python3.12 libjs-mathjax libpython3.12-testsuite libtcl8.6 libtk8.6 libxft2 libxss1 net-tools
  python3-doc python3-examples python3-lib2to3 python3-pip-whl python3-setuptools-whl python3-tk python3.12-doc python3.12-examples
  python3.12-full python3.12-venv tk8.6-blt2.5
Suggested packages:
  blt-demo fonts-mathjax-extras fonts-stix libjs-mathjax-doc tcl8.6 tk8.6 tix python3-tk-dbg
The following NEW packages will be installed:
  2to3 blt fonts-mathjax idle idle-python3.12 libjs-mathjax libpython3.12-testsuite libtcl8.6 libtk8.6 libxft2 libxss1 net-tools
  python3-doc python3-examples python3-full python3-lib2to3 python3-pip-whl python3-setuptools-whl python3-tk python3-venv
  python3.12-doc python3.12-examples python3.12-full python3.12-venv tk8.6-blt2.5
0 upgraded, 25 newly installed, 0 to remove and 60 not upgraded.
Need to get 31.1 MB of archives.
After this operation, 162 MB of additional disk space will be used.
Get:1 http://archive.ubuntu.com/ubuntu noble/universe amd64 python3-lib2to3 all 3.12.3-0ubuntu1 [78.0 kB]
Get:2 http://archive.ubuntu.com/ubuntu noble-updates/universe amd64 2to3 all 3.12.3-0ubuntu2.1 [11.1 kB]
Get:3 http://archive.ubuntu.com/ubuntu noble/main amd64 libtcl8.6 amd64 8.6.14+dfsg-1build1 [988 kB]
Get:4 http://archive.ubuntu.com/ubuntu noble/main amd64 libxft2 amd64 2.3.6-1build1 [45.3 kB]
Get:5 http://archive.ubuntu.com/ubuntu noble/main amd64 libxss1 amd64 1:1.2.3-1build3 [7204 B]
Get:6 http://archive.ubuntu.com/ubuntu noble/main amd64 libtk8.6 amd64 8.6.14-1build1 [779 kB]
Get:7 http://archive.ubuntu.com/ubuntu noble/main amd64 tk8.6-blt2.5 amd64 2.5.3+dfsg-7build1 [630 kB]
Get:8 http://archive.ubuntu.com/ubuntu noble/main amd64 blt amd64 2.5.3+dfsg-7build1 [4840 B]
Get:9 http://archive.ubuntu.com/ubuntu noble/main amd64 fonts-mathjax all 2.7.9+dfsg-1 [2208 kB]
Get:10 http://archive.ubuntu.com/ubuntu noble/main amd64 python3-tk amd64 3.12.3-0ubuntu1 [102 kB]
Get:11 http://archive.ubuntu.com/ubuntu noble/main amd64 libjs-mathjax all 2.7.9+dfsg-1 [5665 kB]
Get:12 http://archive.ubuntu.com/ubuntu noble-updates/universe amd64 idle-python3.12 all 3.12.3-1ubuntu0.9 [423 kB]
Get:13 http://archive.ubuntu.com/ubuntu noble-updates/universe amd64 idle all 3.12.3-0ubuntu2.1 [2728 B]
Get:14 http://archive.ubuntu.com/ubuntu noble-updates/main amd64 net-tools amd64 2.10-0.1ubuntu4.4 [204 kB]
Get:15 http://archive.ubuntu.com/ubuntu noble-updates/universe amd64 libpython3.12-testsuite all 3.12.3-1ubuntu0.9 [4634 kB]
Get:16 http://archive.ubuntu.com/ubuntu noble-updates/main amd64 python3.12-doc all 3.12.3-1ubuntu0.9 [12.1 MB]
Get:17 http://archive.ubuntu.com/ubuntu noble-updates/main amd64 python3-doc all 3.12.3-0ubuntu2.1 [10.3 kB]
Get:18 http://archive.ubuntu.com/ubuntu noble-updates/main amd64 python3.12-examples all 3.12.3-1ubuntu0.9 [797 kB]
Get:19 http://archive.ubuntu.com/ubuntu noble-updates/main amd64 python3-examples all 3.12.3-0ubuntu2.1 [884 B]
Get:20 http://archive.ubuntu.com/ubuntu noble-updates/universe amd64 python3-pip-whl all 24.0+dfsg-1ubuntu1.3 [1707 kB]
Get:21 http://archive.ubuntu.com/ubuntu noble-updates/universe amd64 python3-setuptools-whl all 68.1.2-2ubuntu1.2 [716 kB]
Get:22 http://archive.ubuntu.com/ubuntu noble-updates/universe amd64 python3.12-venv amd64 3.12.3-1ubuntu0.9 [5674 B]
Get:23 http://archive.ubuntu.com/ubuntu noble-updates/universe amd64 python3.12-full amd64 3.12.3-1ubuntu0.9 [1120 B]
Get:24 http://archive.ubuntu.com/ubuntu noble-updates/universe amd64 python3-venv amd64 3.12.3-0ubuntu2.1 [1032 B]
Get:25 http://archive.ubuntu.com/ubuntu noble-updates/universe amd64 python3-full amd64 3.12.3-0ubuntu2.1 [1156 B]
Fetched 31.1 MB in 9s (3587 kB/s)
Selecting previously unselected package python3-lib2to3.
(Reading database ... 47755 files and directories currently installed.)
Preparing to unpack .../00-python3-lib2to3_3.12.3-0ubuntu1_all.deb ...
Unpacking python3-lib2to3 (3.12.3-0ubuntu1) ...
Selecting previously unselected package 2to3.
Preparing to unpack .../01-2to3_3.12.3-0ubuntu2.1_all.deb ...
Unpacking 2to3 (3.12.3-0ubuntu2.1) ...
Selecting previously unselected package libtcl8.6:amd64.
Preparing to unpack .../02-libtcl8.6_8.6.14+dfsg-1build1_amd64.deb ...
Unpacking libtcl8.6:amd64 (8.6.14+dfsg-1build1) ...
Selecting previously unselected package libxft2:amd64.
Preparing to unpack .../03-libxft2_2.3.6-1build1_amd64.deb ...
Unpacking libxft2:amd64 (2.3.6-1build1) ...
Selecting previously unselected package libxss1:amd64.
Preparing to unpack .../04-libxss1_1%3a1.2.3-1build3_amd64.deb ...
Unpacking libxss1:amd64 (1:1.2.3-1build3) ...
Selecting previously unselected package libtk8.6:amd64.
Preparing to unpack .../05-libtk8.6_8.6.14-1build1_amd64.deb ...
Unpacking libtk8.6:amd64 (8.6.14-1build1) ...
Selecting previously unselected package tk8.6-blt2.5.
Preparing to unpack .../06-tk8.6-blt2.5_2.5.3+dfsg-7build1_amd64.deb ...
Unpacking tk8.6-blt2.5 (2.5.3+dfsg-7build1) ...
Selecting previously unselected package blt.
Preparing to unpack .../07-blt_2.5.3+dfsg-7build1_amd64.deb ...
Unpacking blt (2.5.3+dfsg-7build1) ...
Selecting previously unselected package fonts-mathjax.
Preparing to unpack .../08-fonts-mathjax_2.7.9+dfsg-1_all.deb ...
Unpacking fonts-mathjax (2.7.9+dfsg-1) ...
Selecting previously unselected package python3-tk:amd64.
Preparing to unpack .../09-python3-tk_3.12.3-0ubuntu1_amd64.deb ...
Unpacking python3-tk:amd64 (3.12.3-0ubuntu1) ...
Selecting previously unselected package libjs-mathjax.
Preparing to unpack .../10-libjs-mathjax_2.7.9+dfsg-1_all.deb ...
Unpacking libjs-mathjax (2.7.9+dfsg-1) ...
Selecting previously unselected package idle-python3.12.
Preparing to unpack .../11-idle-python3.12_3.12.3-1ubuntu0.9_all.deb ...
Unpacking idle-python3.12 (3.12.3-1ubuntu0.9) ...
Selecting previously unselected package idle.
Preparing to unpack .../12-idle_3.12.3-0ubuntu2.1_all.deb ...
Unpacking idle (3.12.3-0ubuntu2.1) ...
Selecting previously unselected package net-tools.
Preparing to unpack .../13-net-tools_2.10-0.1ubuntu4.4_amd64.deb ...
Unpacking net-tools (2.10-0.1ubuntu4.4) ...
Selecting previously unselected package libpython3.12-testsuite.
Preparing to unpack .../14-libpython3.12-testsuite_3.12.3-1ubuntu0.9_all.deb ...
Unpacking libpython3.12-testsuite (3.12.3-1ubuntu0.9) ...
Selecting previously unselected package python3.12-doc.
Preparing to unpack .../15-python3.12-doc_3.12.3-1ubuntu0.9_all.deb ...
Unpacking python3.12-doc (3.12.3-1ubuntu0.9) ...
Selecting previously unselected package python3-doc.
Preparing to unpack .../16-python3-doc_3.12.3-0ubuntu2.1_all.deb ...
Unpacking python3-doc (3.12.3-0ubuntu2.1) ...
Selecting previously unselected package python3.12-examples.
Preparing to unpack .../17-python3.12-examples_3.12.3-1ubuntu0.9_all.deb ...
Unpacking python3.12-examples (3.12.3-1ubuntu0.9) ...
Selecting previously unselected package python3-examples.
Preparing to unpack .../18-python3-examples_3.12.3-0ubuntu2.1_all.deb ...
Unpacking python3-examples (3.12.3-0ubuntu2.1) ...
Selecting previously unselected package python3-pip-whl.
Preparing to unpack .../19-python3-pip-whl_24.0+dfsg-1ubuntu1.3_all.deb ...
Unpacking python3-pip-whl (24.0+dfsg-1ubuntu1.3) ...
Selecting previously unselected package python3-setuptools-whl.
Preparing to unpack .../20-python3-setuptools-whl_68.1.2-2ubuntu1.2_all.deb ...
Unpacking python3-setuptools-whl (68.1.2-2ubuntu1.2) ...
Selecting previously unselected package python3.12-venv.
Preparing to unpack .../21-python3.12-venv_3.12.3-1ubuntu0.9_amd64.deb ...
Unpacking python3.12-venv (3.12.3-1ubuntu0.9) ...
Selecting previously unselected package python3.12-full.
Preparing to unpack .../22-python3.12-full_3.12.3-1ubuntu0.9_amd64.deb ...
Unpacking python3.12-full (3.12.3-1ubuntu0.9) ...
Selecting previously unselected package python3-venv.
Preparing to unpack .../23-python3-venv_3.12.3-0ubuntu2.1_amd64.deb ...
Unpacking python3-venv (3.12.3-0ubuntu2.1) ...
Selecting previously unselected package python3-full.
Preparing to unpack .../24-python3-full_3.12.3-0ubuntu2.1_amd64.deb ...
Unpacking python3-full (3.12.3-0ubuntu2.1) ...
Setting up net-tools (2.10-0.1ubuntu4.4) ...
Setting up python3-setuptools-whl (68.1.2-2ubuntu1.2) ...
Setting up libxft2:amd64 (2.3.6-1build1) ...
Setting up fonts-mathjax (2.7.9+dfsg-1) ...
Setting up libjs-mathjax (2.7.9+dfsg-1) ...
Setting up python3-pip-whl (24.0+dfsg-1ubuntu1.3) ...
Setting up python3.12-examples (3.12.3-1ubuntu0.9) ...
Setting up libtcl8.6:amd64 (8.6.14+dfsg-1build1) ...
Setting up libxss1:amd64 (1:1.2.3-1build3) ...
Setting up libpython3.12-testsuite (3.12.3-1ubuntu0.9) ...
Setting up python3.12-doc (3.12.3-1ubuntu0.9) ...
Setting up python3-lib2to3 (3.12.3-0ubuntu1) ...
Setting up python3-doc (3.12.3-0ubuntu2.1) ...
Setting up python3.12-venv (3.12.3-1ubuntu0.9) ...
Setting up libtk8.6:amd64 (8.6.14-1build1) ...
Setting up 2to3 (3.12.3-0ubuntu2.1) ...
Setting up python3-examples (3.12.3-0ubuntu2.1) ...
Setting up python3-venv (3.12.3-0ubuntu2.1) ...
Setting up tk8.6-blt2.5 (2.5.3+dfsg-7build1) ...
Setting up blt (2.5.3+dfsg-7build1) ...
Setting up python3-tk:amd64 (3.12.3-0ubuntu1) ...
Setting up idle-python3.12 (3.12.3-1ubuntu0.9) ...
Setting up python3.12-full (3.12.3-1ubuntu0.9) ...
Setting up idle (3.12.3-0ubuntu2.1) ...
Setting up python3-full (3.12.3-0ubuntu2.1) ...
Processing triggers for install-info (7.1-3build2) ...
Processing triggers for fontconfig (2.15.0-1.1ubuntu2) ...
Processing triggers for libc-bin (2.39-0ubuntu8.6) ...
Processing triggers for man-db (2.12.0-4build2) ...
ftbuk@bukola-pc:~/Kitsune$ cd ~/Kitsune
ftbuk@bukola-pc:~/Kitsune$ python3 -m venv venv
ftbuk@bukola-pc:~/Kitsune$ source venv/bin/activate
(venv) ftbuk@bukola-pc:~/Kitsune$ pip install numpy scapy matplotlib cython
Collecting numpy
  Downloading numpy-2.3.5-cp312-cp312-manylinux_2_27_x86_64.manylinux_2_28_x86_64.whl.metadata (62 kB)
     ━━━━━━━━━━━━━━━━━━━━━━━━━━━━━━━━━━━━━━━━ 62.1/62.1 kB 2.0 MB/s eta 0:00:00
Collecting scapy
  Downloading scapy-2.6.1-py3-none-any.whl.metadata (5.6 kB)
Collecting matplotlib
  Downloading matplotlib-3.10.7-cp312-cp312-manylinux2014_x86_64.manylinux_2_17_x86_64.whl.metadata (11 kB)
Collecting cython
  Downloading cython-3.2.2-cp312-cp312-manylinux2014_x86_64.manylinux_2_17_x86_64.manylinux_2_28_x86_64.whl.metadata (5.0 kB)
Collecting contourpy>=1.0.1 (from matplotlib)
  Downloading contourpy-1.3.3-cp312-cp312-manylinux_2_27_x86_64.manylinux_2_28_x86_64.whl.metadata (5.5 kB)
Collecting cycler>=0.10 (from matplotlib)
  Downloading cycler-0.12.1-py3-none-any.whl.metadata (3.8 kB)
Collecting fonttools>=4.22.0 (from matplotlib)
  Downloading fonttools-4.61.0-cp312-cp312-manylinux1_x86_64.manylinux2014_x86_64.manylinux_2_17_x86_64.manylinux_2_5_x86_64.whl.metadata (113 kB)
     ━━━━━━━━━━━━━━━━━━━━━━━━━━━━━━━━━━━━━━━━ 113.2/113.2 kB 5.2 MB/s eta 0:00:00
Collecting kiwisolver>=1.3.1 (from matplotlib)
  Downloading kiwisolver-1.4.9-cp312-cp312-manylinux2014_x86_64.manylinux_2_17_x86_64.whl.metadata (6.3 kB)
Collecting packaging>=20.0 (from matplotlib)
  Downloading packaging-25.0-py3-none-any.whl.metadata (3.3 kB)
Collecting pillow>=8 (from matplotlib)
  Downloading pillow-12.0.0-cp312-cp312-manylinux_2_27_x86_64.manylinux_2_28_x86_64.whl.metadata (8.8 kB)
Collecting pyparsing>=3 (from matplotlib)
  Downloading pyparsing-3.2.5-py3-none-any.whl.metadata (5.0 kB)
Collecting python-dateutil>=2.7 (from matplotlib)
  Downloading python_dateutil-2.9.0.post0-py2.py3-none-any.whl.metadata (8.4 kB)
Collecting six>=1.5 (from python-dateutil>=2.7->matplotlib)
  Downloading six-1.17.0-py2.py3-none-any.whl.metadata (1.7 kB)
Downloading numpy-2.3.5-cp312-cp312-manylinux_2_27_x86_64.manylinux_2_28_x86_64.whl (16.6 MB)
   ━━━━━━━━━━━━━━━━━━━━━━━━━━━━━━━━━━━━━━━━ 16.6/16.6 MB 31.7 MB/s eta 0:00:00
Downloading scapy-2.6.1-py3-none-any.whl (2.4 MB)
   ━━━━━━━━━━━━━━━━━━━━━━━━━━━━━━━━━━━━━━━━ 2.4/2.4 MB 42.4 MB/s eta 0:00:00
Downloading matplotlib-3.10.7-cp312-cp312-manylinux2014_x86_64.manylinux_2_17_x86_64.whl (8.7 MB)
   ━━━━━━━━━━━━━━━━━━━━━━━━━━━━━━━━━━━━━━━━ 8.7/8.7 MB 36.9 MB/s eta 0:00:00
Downloading cython-3.2.2-cp312-cp312-manylinux2014_x86_64.manylinux_2_17_x86_64.manylinux_2_28_x86_64.whl (3.4 MB)
   ━━━━━━━━━━━━━━━━━━━━━━━━━━━━━━━━━━━━━━━━ 3.4/3.4 MB 24.9 MB/s eta 0:00:00
Downloading contourpy-1.3.3-cp312-cp312-manylinux_2_27_x86_64.manylinux_2_28_x86_64.whl (362 kB)
   ━━━━━━━━━━━━━━━━━━━━━━━━━━━━━━━━━━━━━━━━ 362.6/362.6 kB 14.5 MB/s eta 0:00:00
Downloading cycler-0.12.1-py3-none-any.whl (8.3 kB)
Downloading fonttools-4.61.0-cp312-cp312-manylinux1_x86_64.manylinux2014_x86_64.manylinux_2_17_x86_64.manylinux_2_5_x86_64.whl (4.9 MB)
   ━━━━━━━━━━━━━━━━━━━━━━━━━━━━━━━━━━━━━━━━ 4.9/4.9 MB 43.6 MB/s eta 0:00:00
Downloading kiwisolver-1.4.9-cp312-cp312-manylinux2014_x86_64.manylinux_2_17_x86_64.whl (1.5 MB)
   ━━━━━━━━━━━━━━━━━━━━━━━━━━━━━━━━━━━━━━━━ 1.5/1.5 MB 39.0 MB/s eta 0:00:00
Downloading packaging-25.0-py3-none-any.whl (66 kB)
   ━━━━━━━━━━━━━━━━━━━━━━━━━━━━━━━━━━━━━━━━ 66.5/66.5 kB 4.1 MB/s eta 0:00:00
Downloading pillow-12.0.0-cp312-cp312-manylinux_2_27_x86_64.manylinux_2_28_x86_64.whl (7.0 MB)
   ━━━━━━━━━━━━━━━━━━━━━━━━━━━━━━━━━━━━━━━━ 7.0/7.0 MB 38.1 MB/s eta 0:00:00
Downloading pyparsing-3.2.5-py3-none-any.whl (113 kB)
   ━━━━━━━━━━━━━━━━━━━━━━━━━━━━━━━━━━━━━━━━ 113.9/113.9 kB 6.2 MB/s eta 0:00:00
Downloading python_dateutil-2.9.0.post0-py2.py3-none-any.whl (229 kB)
   ━━━━━━━━━━━━━━━━━━━━━━━━━━━━━━━━━━━━━━━━ 229.9/229.9 kB 13.1 MB/s eta 0:00:00
Downloading six-1.17.0-py2.py3-none-any.whl (11 kB)
Installing collected packages: six, scapy, pyparsing, pillow, packaging, numpy, kiwisolver, fonttools, cython, cycler, python-dateutil, contourpy, matplotlib
Successfully installed contourpy-1.3.3 cycler-0.12.1 cython-3.2.2 fonttools-4.61.0 kiwisolver-1.4.9 matplotlib-3.10.7 numpy-2.3.5 packaging-25.0 pillow-12.0.0 pyparsing-3.2.5 python-dateutil-2.9.0.post0 scapy-2.6.1 six-1.17.0
(venv) ftbuk@bukola-pc:~/Kitsune$ python example.py
Traceback (most recent call last):
  File "/home/ftbuk/Kitsune/example.py", line 1, in <module>
    from Kitsune import Kitsune
  File "/home/ftbuk/Kitsune/Kitsune.py", line 1, in <module>
    from FeatureExtractor import *
  File "/home/ftbuk/Kitsune/FeatureExtractor.py", line 12, in <module>
    import netStat as ns
  File "/home/ftbuk/Kitsune/netStat.py", line 7, in <module>
    import AfterImage as af
  File "/home/ftbuk/Kitsune/AfterImage.py", line 251, in <module>
    class incStatDB:
  File "/home/ftbuk/Kitsune/AfterImage.py", line 253, in incStatDB
    def __init__(self,limit=np.Inf,default_lambda=np.nan):
                            ^^^^^^
  File "/home/ftbuk/Kitsune/venv/lib/python3.12/site-packages/numpy/__init__.py", line 781, in __getattr__
    raise AttributeError(
AttributeError: `np.Inf` was removed in the NumPy 2.0 release. Use `np.inf` instead.
(venv) ftbuk@bukola-pc:~/Kitsune$ pip uninstall -y numpy
Found existing installation: numpy 2.3.5
Uninstalling numpy-2.3.5:
  Successfully uninstalled numpy-2.3.5
(venv) ftbuk@bukola-pc:~/Kitsune$ pip install "numpy<2.0"
Collecting numpy<2.0
  Downloading numpy-1.26.4-cp312-cp312-manylinux_2_17_x86_64.manylinux2014_x86_64.whl.metadata (61 kB)
     ━━━━━━━━━━━━━━━━━━━━━━━━━━━━━━━━━━━━━━━━ 61.0/61.0 kB 1.1 MB/s eta 0:00:00
Downloading numpy-1.26.4-cp312-cp312-manylinux_2_17_x86_64.manylinux2014_x86_64.whl (18.0 MB)
   ━━━━━━━━━━━━━━━━━━━━━━━━━━━━━━━━━━━━━━━━ 18.0/18.0 MB 35.0 MB/s eta 0:00:00
Installing collected packages: numpy
Successfully installed numpy-1.26.4
(venv) ftbuk@bukola-pc:~/Kitsune$ python -c "import numpy as np; print(np.__version__)"
1.26.4
(venv) ftbuk@bukola-pc:~/Kitsune$ python example.py
Importing Scapy Library
Traceback (most recent call last):
  File "/home/ftbuk/Kitsune/example.py", line 1, in <module>
    from Kitsune import Kitsune
  File "/home/ftbuk/Kitsune/Kitsune.py", line 2, in <module>
    from KitNET.KitNET import KitNET
  File "/home/ftbuk/Kitsune/KitNET/KitNET.py", line 2, in <module>
    import KitNET.dA as AE
  File "/home/ftbuk/Kitsune/KitNET/dA.py", line 28, in <module>
    from KitNET.utils import *
  File "/home/ftbuk/Kitsune/KitNET/utils.py", line 3, in <module>
    from scipy.stats import norm
ModuleNotFoundError: No module named 'scipy'
(venv) ftbuk@bukola-pc:~/Kitsune$ pip install scipy
Collecting scipy
  Downloading scipy-1.16.3-cp312-cp312-manylinux2014_x86_64.manylinux_2_17_x86_64.whl.metadata (62 kB)
     ━━━━━━━━━━━━━━━━━━━━━━━━━━━━━━━━━━━━━━━━ 62.0/62.0 kB 811.2 kB/s eta 0:00:00
Requirement already satisfied: numpy<2.6,>=1.25.2 in ./venv/lib/python3.12/site-packages (from scipy) (1.26.4)
Downloading scipy-1.16.3-cp312-cp312-manylinux2014_x86_64.manylinux_2_17_x86_64.whl (35.7 MB)
   ━━━━━━━━━━━━━━━━━━━━━━━━━━━━━━━━━━━━━━━━ 35.7/35.7 MB 27.8 MB/s eta 0:00:00
Installing collected packages: scipy
Successfully installed scipy-1.16.3
(venv) ftbuk@bukola-pc:~/Kitsune$ python example.py
Importing Scapy Library
Unzipping Sample Capture...
tshark not found. Trying scapy...
Reading PCAP file via Scapy...
^CTraceback (most recent call last):
  File "/home/ftbuk/Kitsune/example.py", line 34, in <module>
    K = Kitsune(path,packet_limit,maxAE,FMgrace,ADgrace)
        ^^^^^^^^^^^^^^^^^^^^^^^^^^^^^^^^^^^^^^^^^^^^^^^^
  File "/home/ftbuk/Kitsune/Kitsune.py", line 29, in __init__
    self.FE = FE(file_path,limit)
              ^^^^^^^^^^^^^^^^^^^
  File "/home/ftbuk/Kitsune/FeatureExtractor.py", line 35, in __init__
    self.__prep__()
  File "/home/ftbuk/Kitsune/FeatureExtractor.py", line 105, in __prep__
    self.scapyin = rdpcap(self.path)
                   ^^^^^^^^^^^^^^^^^
  File "/home/ftbuk/Kitsune/venv/lib/python3.12/site-packages/scapy/utils.py", line 1346, in rdpcap
    return fdesc.read_all(count=count)
           ^^^^^^^^^^^^^^^^^^^^^^^^^^^
  File "/home/ftbuk/Kitsune/venv/lib/python3.12/site-packages/scapy/utils.py", line 1634, in read_all
    res = self._read_all(count)
          ^^^^^^^^^^^^^^^^^^^^^
  File "/home/ftbuk/Kitsune/venv/lib/python3.12/site-packages/scapy/utils.py", line 1542, in _read_all
    p = self.read_packet()  # type: Packet
        ^^^^^^^^^^^^^^^^^^
  File "/home/ftbuk/Kitsune/venv/lib/python3.12/site-packages/scapy/utils.py", line 1604, in read_packet
    p = self.LLcls(s, **kwargs)  # type: Packet
        ^^^^^^^^^^^^^^^^^^^^^^^
  File "/home/ftbuk/Kitsune/venv/lib/python3.12/site-packages/scapy/base_classes.py", line 481, in __call__
    i.__init__(*args, **kargs)
  File "/home/ftbuk/Kitsune/venv/lib/python3.12/site-packages/scapy/packet.py", line 186, in __init__
    self.dissect(_pkt)
  File "/home/ftbuk/Kitsune/venv/lib/python3.12/site-packages/scapy/packet.py", line 1089, in dissect
    self.do_dissect_payload(payl)
  File "/home/ftbuk/Kitsune/venv/lib/python3.12/site-packages/scapy/packet.py", line 1059, in do_dissect_payload
    p = cls(
        ^^^^
  File "/home/ftbuk/Kitsune/venv/lib/python3.12/site-packages/scapy/base_classes.py", line 481, in __call__
    i.__init__(*args, **kargs)
  File "/home/ftbuk/Kitsune/venv/lib/python3.12/site-packages/scapy/packet.py", line 186, in __init__
    self.dissect(_pkt)
  File "/home/ftbuk/Kitsune/venv/lib/python3.12/site-packages/scapy/packet.py", line 1091, in dissect
    self.add_payload(conf.padding_layer(pad))
                     ^^^^^^^^^^^^^^^^^^^^^^^
  File "/home/ftbuk/Kitsune/venv/lib/python3.12/site-packages/scapy/base_classes.py", line 481, in __call__
    i.__init__(*args, **kargs)
  File "/home/ftbuk/Kitsune/venv/lib/python3.12/site-packages/scapy/packet.py", line 1991, in __init__
    super(Raw, self).__init__(_pkt, *args, **kwargs)
  File "/home/ftbuk/Kitsune/venv/lib/python3.12/site-packages/scapy/packet.py", line 169, in __init__
    self.payload = NoPayload()  # type: Packet
                   ^^^^^^^^^^^
  File "/home/ftbuk/Kitsune/venv/lib/python3.12/site-packages/scapy/base_classes.py", line 475, in __call__
    i = cls.__new__(
        ^^^^^^^^^^^^
  File "/home/ftbuk/Kitsune/venv/lib/python3.12/site-packages/scapy/packet.py", line 1797, in __new__
    singl = cls.__dict__.get("__singl__")
            ^^^^^^^^^^^^^^^^^^^^^^^^^^^^^
KeyboardInterrupt

(venv) ftbuk@bukola-pc:~/Kitsune$ pip list | grep -E "numpy|scipy|scapy|matplotlib|cython"
matplotlib      3.10.7
numpy           1.26.4
scapy           2.6.1
scipy           1.16.3
(venv) ftbuk@bukola-pc:~/Kitsune$ nano anomaly_score_demo.py
(venv) ftbuk@bukola-pc:~/Kitsune$ nano anomaly_score_demo.py
(venv) ftbuk@bukola-pc:~/Kitsune$ python anomaly_score_demo.py
Importing Scapy Library
Traceback (most recent call last):
  File "/home/ftbuk/Kitsune/anomaly_score_demo.py", line 7, in <module>
    kitsune = Kitsune(
              ^^^^^^^^
TypeError: Kitsune.__init__() got an unexpected keyword argument 'packet_limit'
(venv) ftbuk@bukola-pc:~/Kitsune$ sed -n '1,120p' Kitsune.py
from FeatureExtractor import *
from KitNET.KitNET import KitNET

# MIT License
#
# Copyright (c) 2018 Yisroel mirsky
#
# Permission is hereby granted, free of charge, to any person obtaining a copy
# of this software and associated documentation files (the "Software"), to deal
# in the Software without restriction, including without limitation the rights
# to use, copy, modify, merge, publish, distribute, sublicense, and/or sell
# copies of the Software, and to permit persons to whom the Software is
# furnished to do so, subject to the following conditions:
#
# The above copyright notice and this permission notice shall be included in all
# copies or substantial portions of the Software.
#
# THE SOFTWARE IS PROVIDED "AS IS", WITHOUT WARRANTY OF ANY KIND, EXPRESS OR
# IMPLIED, INCLUDING BUT NOT LIMITED TO THE WARRANTIES OF MERCHANTABILITY,
# FITNESS FOR A PARTICULAR PURPOSE AND NONINFRINGEMENT. IN NO EVENT SHALL THE
# AUTHORS OR COPYRIGHT HOLDERS BE LIABLE FOR ANY CLAIM, DAMAGES OR OTHER
# LIABILITY, WHETHER IN AN ACTION OF CONTRACT, TORT OR OTHERWISE, ARISING FROM,
# OUT OF OR IN CONNECTION WITH THE SOFTWARE OR THE USE OR OTHER DEALINGS IN THE
# SOFTWARE.

class Kitsune:
    def __init__(self,file_path,limit,max_autoencoder_size=10,FM_grace_period=None,AD_grace_period=10000,learning_rate=0.1,hidden_ratio=0.75,):
        #init packet feature extractor (AfterImage)
        self.FE = FE(file_path,limit)

        #init Kitnet
        self.AnomDetector = KitNET(self.FE.get_num_features(),max_autoencoder_size,FM_grace_period,AD_grace_period,learning_rate,hidden_ratio)

    def proc_next_packet(self):
        # create feature vector
        x = self.FE.get_next_vector()
        if len(x) == 0:
            return -1 #Error or no packets left

        # process KitNET
        return self.AnomDetector.process(x)  # will train during the grace periods, then execute on all the rest.

(venv) ftbuk@bukola-pc:~/Kitsune$ nano anomaly_score_demo.py
(venv) ftbuk@bukola-pc:~/Kitsune$ python anomaly_score_demo.py
Importing Scapy Library
File: mirai.zip is not a tsv or pcap file
Traceback (most recent call last):
  File "/home/ftbuk/Kitsune/anomaly_score_demo.py", line 8, in <module>
    kitsune = Kitsune(pcap_file, packet_limit, training_packets)
              ^^^^^^^^^^^^^^^^^^^^^^^^^^^^^^^^^^^^^^^^^^^^^^^^^^
  File "/home/ftbuk/Kitsune/Kitsune.py", line 29, in __init__
    self.FE = FE(file_path,limit)
              ^^^^^^^^^^^^^^^^^^^
  File "/home/ftbuk/Kitsune/FeatureExtractor.py", line 35, in __init__
    self.__prep__()
  File "/home/ftbuk/Kitsune/FeatureExtractor.py", line 79, in __prep__
    raise Exception()
Exception
(venv) ftbuk@bukola-pc:~/Kitsune$ unzip mirai.zip
Command 'unzip' not found, but can be installed with:
sudo apt install unzip
(venv) ftbuk@bukola-pc:~/Kitsune$ ls
 AfterImage.py                KitNET               Kitsune_fig.png   __pycache__             mirai.pcap   setup.py
 AfterImage_extrapolate.pyx  'Kitsune paper.pdf'   LICENSE           anomaly_score_demo.py   mirai.zip    venv
 FeatureExtractor.py          Kitsune.py           README.md         example.py              netStat.py
(venv) ftbuk@bukola-pc:~/Kitsune$ ls *.pcap
mirai.pcap
(venv) ftbuk@bukola-pc:~/Kitsune$ nano anomaly_score_demo.py
(venv) ftbuk@bukola-pc:~/Kitsune$ python anomaly_score_demo.py
Importing Scapy Library
tshark not found. Trying scapy...
Reading PCAP file via Scapy...
^CTraceback (most recent call last):
  File "/home/ftbuk/Kitsune/anomaly_score_demo.py", line 9, in <module>
    kitsune = Kitsune(pcap_file, packet_limit, training_packets)
              ^^^^^^^^^^^^^^^^^^^^^^^^^^^^^^^^^^^^^^^^^^^^^^^^^^
  File "/home/ftbuk/Kitsune/Kitsune.py", line 29, in __init__
    self.FE = FE(file_path,limit)
              ^^^^^^^^^^^^^^^^^^^
  File "/home/ftbuk/Kitsune/FeatureExtractor.py", line 35, in __init__
    self.__prep__()
  File "/home/ftbuk/Kitsune/FeatureExtractor.py", line 105, in __prep__
    self.scapyin = rdpcap(self.path)
                   ^^^^^^^^^^^^^^^^^
  File "/home/ftbuk/Kitsune/venv/lib/python3.12/site-packages/scapy/utils.py", line 1346, in rdpcap
    return fdesc.read_all(count=count)
           ^^^^^^^^^^^^^^^^^^^^^^^^^^^
  File "/home/ftbuk/Kitsune/venv/lib/python3.12/site-packages/scapy/utils.py", line 1634, in read_all
    res = self._read_all(count)
          ^^^^^^^^^^^^^^^^^^^^^
  File "/home/ftbuk/Kitsune/venv/lib/python3.12/site-packages/scapy/utils.py", line 1542, in _read_all
    p = self.read_packet()  # type: Packet
        ^^^^^^^^^^^^^^^^^^
  File "/home/ftbuk/Kitsune/venv/lib/python3.12/site-packages/scapy/utils.py", line 1604, in read_packet
    p = self.LLcls(s, **kwargs)  # type: Packet
        ^^^^^^^^^^^^^^^^^^^^^^^
  File "/home/ftbuk/Kitsune/venv/lib/python3.12/site-packages/scapy/base_classes.py", line 481, in __call__
    i.__init__(*args, **kargs)
  File "/home/ftbuk/Kitsune/venv/lib/python3.12/site-packages/scapy/packet.py", line 186, in __init__
    self.dissect(_pkt)
  File "/home/ftbuk/Kitsune/venv/lib/python3.12/site-packages/scapy/packet.py", line 1089, in dissect
    self.do_dissect_payload(payl)
  File "/home/ftbuk/Kitsune/venv/lib/python3.12/site-packages/scapy/packet.py", line 1059, in do_dissect_payload
    p = cls(
        ^^^^
  File "/home/ftbuk/Kitsune/venv/lib/python3.12/site-packages/scapy/base_classes.py", line 481, in __call__
    i.__init__(*args, **kargs)
  File "/home/ftbuk/Kitsune/venv/lib/python3.12/site-packages/scapy/packet.py", line 186, in __init__
    self.dissect(_pkt)
  File "/home/ftbuk/Kitsune/venv/lib/python3.12/site-packages/scapy/packet.py", line 1089, in dissect
    self.do_dissect_payload(payl)
  File "/home/ftbuk/Kitsune/venv/lib/python3.12/site-packages/scapy/packet.py", line 1059, in do_dissect_payload
    p = cls(
        ^^^^
  File "/home/ftbuk/Kitsune/venv/lib/python3.12/site-packages/scapy/base_classes.py", line 481, in __call__
    i.__init__(*args, **kargs)
  File "/home/ftbuk/Kitsune/venv/lib/python3.12/site-packages/scapy/packet.py", line 169, in __init__
    self.payload = NoPayload()  # type: Packet
                   ^^^^^^^^^^^
  File "/home/ftbuk/Kitsune/venv/lib/python3.12/site-packages/scapy/base_classes.py", line 475, in __call__
    i = cls.__new__(
        ^^^^^^^^^^^^
  File "/home/ftbuk/Kitsune/venv/lib/python3.12/site-packages/scapy/packet.py", line 1795, in __new__
    def __new__(cls, *args, **kargs):

KeyboardInterrupt

(venv) ftbuk@bukola-pc:~/Kitsune$ cat > kitsune_anomaly_demo.py << 'EOF'
> ^C
(venv) ftbuk@bukola-pc:~/Kitsune$ cat > kitsune_anomaly_demo.py << 'EOF'
> ^C
(venv) ftbuk@bukola-pc:~/Kitsune$ nano kitsune_anomaly_demo.py
(venv) ftbuk@bukola-pc:~/Kitsune$ cat > kitsune_anomaly_demo.py << 'EOF'
> from Kitsune import Kitsune

# 1. Load Dataset (PCAP file)
pcap_file = "mirai.pcap"

# 2. Training / processing parameters
packet_limit = 10000
training_packets = 5000

# 3. Initialize Kitsune (this trains feature mapper + KitNET)
kitsune = Kitsune(pcap_file, packet_limit, training_packets)

print("Packet_Number  Anomaly_Score  Label(0=normal,1=attack)")

THRESHOLD = 2.5

# 4. Loop through packets and detect anomalies
for i, score in enumerate(kitsune):
    label = 1 if score > THRESHOLD else 0
    print(f"{i:5d}           {score:10.4f}            {label}")

    if i >= 50:
        break
> EOF
(venv) ftbuk@bukola-pc:~/Kitsune$ ls kitsune_anomaly_demo.py
kitsune_anomaly_demo.py
(venv) ftbuk@bukola-pc:~/Kitsune$ python kitsune_anomaly_demo.py
Importing Scapy Library
tshark not found. Trying scapy...
Reading PCAP file via Scapy...
^CTraceback (most recent call last):
  File "/home/ftbuk/Kitsune/kitsune_anomaly_demo.py", line 11, in <module>
    kitsune = Kitsune(pcap_file, packet_limit, training_packets)
              ^^^^^^^^^^^^^^^^^^^^^^^^^^^^^^^^^^^^^^^^^^^^^^^^^^
  File "/home/ftbuk/Kitsune/Kitsune.py", line 29, in __init__
    self.FE = FE(file_path,limit)
              ^^^^^^^^^^^^^^^^^^^
  File "/home/ftbuk/Kitsune/FeatureExtractor.py", line 35, in __init__
    self.__prep__()
  File "/home/ftbuk/Kitsune/FeatureExtractor.py", line 105, in __prep__
    self.scapyin = rdpcap(self.path)
                   ^^^^^^^^^^^^^^^^^
  File "/home/ftbuk/Kitsune/venv/lib/python3.12/site-packages/scapy/utils.py", line 1346, in rdpcap
    return fdesc.read_all(count=count)
           ^^^^^^^^^^^^^^^^^^^^^^^^^^^
  File "/home/ftbuk/Kitsune/venv/lib/python3.12/site-packages/scapy/utils.py", line 1634, in read_all
    res = self._read_all(count)
          ^^^^^^^^^^^^^^^^^^^^^
  File "/home/ftbuk/Kitsune/venv/lib/python3.12/site-packages/scapy/utils.py", line 1542, in _read_all
    p = self.read_packet()  # type: Packet
        ^^^^^^^^^^^^^^^^^^
  File "/home/ftbuk/Kitsune/venv/lib/python3.12/site-packages/scapy/utils.py", line 1604, in read_packet
    p = self.LLcls(s, **kwargs)  # type: Packet
        ^^^^^^^^^^^^^^^^^^^^^^^
  File "/home/ftbuk/Kitsune/venv/lib/python3.12/site-packages/scapy/base_classes.py", line 481, in __call__
    i.__init__(*args, **kargs)
  File "/home/ftbuk/Kitsune/venv/lib/python3.12/site-packages/scapy/packet.py", line 179, in __init__
    self.wirelen = None  # type: Optional[int]
    ^^^^^^^^^^^^
  File "/home/ftbuk/Kitsune/venv/lib/python3.12/site-packages/scapy/packet.py", line 512, in __setattr__
    return object.__setattr__(self, attr, val)
           ^^^^^^^^^^^^^^^^^^^^^^^^^^^^^^^^^^^
KeyboardInterrupt

(venv) ftbuk@bukola-pc:~/Kitsune$ nano kitsune_make_dataset.py
(venv) ftbuk@bukola-pc:~/Kitsune$ nano kitsune_make_dataset.py
(venv) ftbuk@bukola-pc:~/Kitsune$ python kitsune_make_dataset.py
Importing Scapy Library
tshark not found. Trying scapy...
Reading PCAP file via Scapy...
^CTraceback (most recent call last):
  File "/home/ftbuk/Kitsune/kitsune_make_dataset.py", line 12, in <module>
    kitsune = Kitsune(pcap_file, packet_limit, training_packets)
              ^^^^^^^^^^^^^^^^^^^^^^^^^^^^^^^^^^^^^^^^^^^^^^^^^^
  File "/home/ftbuk/Kitsune/Kitsune.py", line 29, in __init__
    self.FE = FE(file_path,limit)
              ^^^^^^^^^^^^^^^^^^^
  File "/home/ftbuk/Kitsune/FeatureExtractor.py", line 35, in __init__
    self.__prep__()
  File "/home/ftbuk/Kitsune/FeatureExtractor.py", line 105, in __prep__
    self.scapyin = rdpcap(self.path)
                   ^^^^^^^^^^^^^^^^^
  File "/home/ftbuk/Kitsune/venv/lib/python3.12/site-packages/scapy/utils.py", line 1346, in rdpcap
    return fdesc.read_all(count=count)
           ^^^^^^^^^^^^^^^^^^^^^^^^^^^
  File "/home/ftbuk/Kitsune/venv/lib/python3.12/site-packages/scapy/utils.py", line 1634, in read_all
    res = self._read_all(count)
          ^^^^^^^^^^^^^^^^^^^^^
  File "/home/ftbuk/Kitsune/venv/lib/python3.12/site-packages/scapy/utils.py", line 1542, in _read_all
    p = self.read_packet()  # type: Packet
        ^^^^^^^^^^^^^^^^^^
  File "/home/ftbuk/Kitsune/venv/lib/python3.12/site-packages/scapy/utils.py", line 1604, in read_packet
    p = self.LLcls(s, **kwargs)  # type: Packet
        ^^^^^^^^^^^^^^^^^^^^^^^
  File "/home/ftbuk/Kitsune/venv/lib/python3.12/site-packages/scapy/base_classes.py", line 481, in __call__
    i.__init__(*args, **kargs)
  File "/home/ftbuk/Kitsune/venv/lib/python3.12/site-packages/scapy/packet.py", line 186, in __init__
    self.dissect(_pkt)
  File "/home/ftbuk/Kitsune/venv/lib/python3.12/site-packages/scapy/packet.py", line 1089, in dissect
    self.do_dissect_payload(payl)
  File "/home/ftbuk/Kitsune/venv/lib/python3.12/site-packages/scapy/packet.py", line 1059, in do_dissect_payload
    p = cls(
        ^^^^
  File "/home/ftbuk/Kitsune/venv/lib/python3.12/site-packages/scapy/base_classes.py", line 481, in __call__
    i.__init__(*args, **kargs)
  File "/home/ftbuk/Kitsune/venv/lib/python3.12/site-packages/scapy/packet.py", line 186, in __init__
    self.dissect(_pkt)
  File "/home/ftbuk/Kitsune/venv/lib/python3.12/site-packages/scapy/packet.py", line 1089, in dissect
    self.do_dissect_payload(payl)
  File "/home/ftbuk/Kitsune/venv/lib/python3.12/site-packages/scapy/packet.py", line 1059, in do_dissect_payload
    p = cls(
        ^^^^
  File "/home/ftbuk/Kitsune/venv/lib/python3.12/site-packages/scapy/base_classes.py", line 481, in __call__
    i.__init__(*args, **kargs)
  File "/home/ftbuk/Kitsune/venv/lib/python3.12/site-packages/scapy/packet.py", line 197, in __init__
    continue
KeyboardInterrupt

(venv) ftbuk@bukola-pc:~/Kitsune$ pip install torch scikit-learn
Collecting torch
  Downloading torch-2.9.1-cp312-cp312-manylinux_2_28_x86_64.whl.metadata (30 kB)
Collecting scikit-learn
  Downloading scikit_learn-1.7.2-cp312-cp312-manylinux2014_x86_64.manylinux_2_17_x86_64.whl.metadata (11 kB)
Collecting filelock (from torch)
  Downloading filelock-3.20.0-py3-none-any.whl.metadata (2.1 kB)
Collecting typing-extensions>=4.10.0 (from torch)
  Downloading typing_extensions-4.15.0-py3-none-any.whl.metadata (3.3 kB)
Collecting setuptools (from torch)
  Downloading setuptools-80.9.0-py3-none-any.whl.metadata (6.6 kB)
Collecting sympy>=1.13.3 (from torch)
  Downloading sympy-1.14.0-py3-none-any.whl.metadata (12 kB)
Collecting networkx>=2.5.1 (from torch)
  Downloading networkx-3.6-py3-none-any.whl.metadata (6.8 kB)
Collecting jinja2 (from torch)
  Downloading jinja2-3.1.6-py3-none-any.whl.metadata (2.9 kB)
Collecting fsspec>=0.8.5 (from torch)
  Downloading fsspec-2025.12.0-py3-none-any.whl.metadata (10 kB)
Collecting nvidia-cuda-nvrtc-cu12==12.8.93 (from torch)
  Downloading nvidia_cuda_nvrtc_cu12-12.8.93-py3-none-manylinux2010_x86_64.manylinux_2_12_x86_64.whl.metadata (1.7 kB)
Collecting nvidia-cuda-runtime-cu12==12.8.90 (from torch)
  Downloading nvidia_cuda_runtime_cu12-12.8.90-py3-none-manylinux2014_x86_64.manylinux_2_17_x86_64.whl.metadata (1.7 kB)
Collecting nvidia-cuda-cupti-cu12==12.8.90 (from torch)
  Downloading nvidia_cuda_cupti_cu12-12.8.90-py3-none-manylinux2014_x86_64.manylinux_2_17_x86_64.whl.metadata (1.7 kB)
Collecting nvidia-cudnn-cu12==9.10.2.21 (from torch)
  Downloading nvidia_cudnn_cu12-9.10.2.21-py3-none-manylinux_2_27_x86_64.whl.metadata (1.8 kB)
Collecting nvidia-cublas-cu12==12.8.4.1 (from torch)
  Downloading nvidia_cublas_cu12-12.8.4.1-py3-none-manylinux_2_27_x86_64.whl.metadata (1.7 kB)
Collecting nvidia-cufft-cu12==11.3.3.83 (from torch)
  Downloading nvidia_cufft_cu12-11.3.3.83-py3-none-manylinux2014_x86_64.manylinux_2_17_x86_64.whl.metadata (1.7 kB)
Collecting nvidia-curand-cu12==10.3.9.90 (from torch)
  Downloading nvidia_curand_cu12-10.3.9.90-py3-none-manylinux_2_27_x86_64.whl.metadata (1.7 kB)
Collecting nvidia-cusolver-cu12==11.7.3.90 (from torch)
  Downloading nvidia_cusolver_cu12-11.7.3.90-py3-none-manylinux_2_27_x86_64.whl.metadata (1.8 kB)
Collecting nvidia-cusparse-cu12==12.5.8.93 (from torch)
  Downloading nvidia_cusparse_cu12-12.5.8.93-py3-none-manylinux2014_x86_64.manylinux_2_17_x86_64.whl.metadata (1.8 kB)
Collecting nvidia-cusparselt-cu12==0.7.1 (from torch)
  Downloading nvidia_cusparselt_cu12-0.7.1-py3-none-manylinux2014_x86_64.whl.metadata (7.0 kB)
Collecting nvidia-nccl-cu12==2.27.5 (from torch)
  Downloading nvidia_nccl_cu12-2.27.5-py3-none-manylinux2014_x86_64.manylinux_2_17_x86_64.whl.metadata (2.0 kB)
Collecting nvidia-nvshmem-cu12==3.3.20 (from torch)
  Downloading nvidia_nvshmem_cu12-3.3.20-py3-none-manylinux2014_x86_64.manylinux_2_17_x86_64.whl.metadata (2.1 kB)
Collecting nvidia-nvtx-cu12==12.8.90 (from torch)
  Downloading nvidia_nvtx_cu12-12.8.90-py3-none-manylinux2014_x86_64.manylinux_2_17_x86_64.whl.metadata (1.8 kB)
Collecting nvidia-nvjitlink-cu12==12.8.93 (from torch)
  Downloading nvidia_nvjitlink_cu12-12.8.93-py3-none-manylinux2010_x86_64.manylinux_2_12_x86_64.whl.metadata (1.7 kB)
Collecting nvidia-cufile-cu12==1.13.1.3 (from torch)
  Downloading nvidia_cufile_cu12-1.13.1.3-py3-none-manylinux2014_x86_64.manylinux_2_17_x86_64.whl.metadata (1.7 kB)
Collecting triton==3.5.1 (from torch)
  Downloading triton-3.5.1-cp312-cp312-manylinux_2_27_x86_64.manylinux_2_28_x86_64.whl.metadata (1.7 kB)
Requirement already satisfied: numpy>=1.22.0 in ./venv/lib/python3.12/site-packages (from scikit-learn) (1.26.4)
Requirement already satisfied: scipy>=1.8.0 in ./venv/lib/python3.12/site-packages (from scikit-learn) (1.16.3)
Collecting joblib>=1.2.0 (from scikit-learn)
  Downloading joblib-1.5.2-py3-none-any.whl.metadata (5.6 kB)
Collecting threadpoolctl>=3.1.0 (from scikit-learn)
  Downloading threadpoolctl-3.6.0-py3-none-any.whl.metadata (13 kB)
Collecting mpmath<1.4,>=1.1.0 (from sympy>=1.13.3->torch)
  Downloading mpmath-1.3.0-py3-none-any.whl.metadata (8.6 kB)
Collecting MarkupSafe>=2.0 (from jinja2->torch)
  Downloading markupsafe-3.0.3-cp312-cp312-manylinux2014_x86_64.manylinux_2_17_x86_64.manylinux_2_28_x86_64.whl.metadata (2.7 kB)
Downloading torch-2.9.1-cp312-cp312-manylinux_2_28_x86_64.whl (899.7 MB)
   ━━━━━━━━━━━━━━━━━━━━━━━━━━━━━━━━━━━━━━━━ 899.7/899.7 MB 580.9 kB/s eta 0:00:00
Downloading nvidia_cublas_cu12-12.8.4.1-py3-none-manylinux_2_27_x86_64.whl (594.3 MB)
   ━━━━━━━━━━━━━━━━━━━━━━━━━━━━━━━━━━━━━━━━ 594.3/594.3 MB 847.8 kB/s eta 0:00:00
Downloading nvidia_cuda_cupti_cu12-12.8.90-py3-none-manylinux2014_x86_64.manylinux_2_17_x86_64.whl (10.2 MB)
   ━━━━━━━━━━━━━━━━━━━━━━━━━━━━━━━━━━━━━━━━ 10.2/10.2 MB 4.1 MB/s eta 0:00:00
Downloading nvidia_cuda_nvrtc_cu12-12.8.93-py3-none-manylinux2010_x86_64.manylinux_2_12_x86_64.whl (88.0 MB)
   ━━━━━━━━━━━━━━━━━━━━━━━━━━━━━━━━━━━━━━━━ 88.0/88.0 MB 5.3 MB/s eta 0:00:00
Downloading nvidia_cuda_runtime_cu12-12.8.90-py3-none-manylinux2014_x86_64.manylinux_2_17_x86_64.whl (954 kB)
   ━━━━━━━━━━━━━━━━━━━━━━━━━━━━━━━━━━━━━━━━ 954.8/954.8 kB 9.7 MB/s eta 0:00:00
Downloading nvidia_cudnn_cu12-9.10.2.21-py3-none-manylinux_2_27_x86_64.whl (706.8 MB)
   ━━━━━━━━━━━━━━━━━━━━━━━━━━━━━━━━━━━━━━━━ 706.8/706.8 MB 572.1 kB/s eta 0:00:00
Downloading nvidia_cufft_cu12-11.3.3.83-py3-none-manylinux2014_x86_64.manylinux_2_17_x86_64.whl (193.1 MB)
   ━━━━━━━━━━━━━━━━━━━━━━━━━━━━━━━━━━━━━━━━ 193.1/193.1 MB 2.9 MB/s eta 0:00:00
Downloading nvidia_cufile_cu12-1.13.1.3-py3-none-manylinux2014_x86_64.manylinux_2_17_x86_64.whl (1.2 MB)
   ━━━━━━━━━━━━━━━━━━━━━━━━━━━━━━━━━━━━━━━━ 1.2/1.2 MB 11.9 MB/s eta 0:00:00
Downloading nvidia_curand_cu12-10.3.9.90-py3-none-manylinux_2_27_x86_64.whl (63.6 MB)
   ━━━━━━━━━━━━━━━━━━━━━━━━━━━━━━━━━━━━━━━━ 63.6/63.6 MB 8.7 MB/s eta 0:00:00
Downloading nvidia_cusolver_cu12-11.7.3.90-py3-none-manylinux_2_27_x86_64.whl (267.5 MB)
   ━━━━━━━━━━━━━━━━━━━━━━━━━━━━━━━━━━━━━━━━ 267.5/267.5 MB 910.5 kB/s eta 0:00:00
Downloading nvidia_cusparse_cu12-12.5.8.93-py3-none-manylinux2014_x86_64.manylinux_2_17_x86_64.whl (288.2 MB)
   ━━━━━━━━━━━━━━━━━━━━━━━━━━━━━━━━━━━━━━━━ 288.2/288.2 MB 858.5 kB/s eta 0:00:00
Downloading nvidia_cusparselt_cu12-0.7.1-py3-none-manylinux2014_x86_64.whl (287.2 MB)
   ━━━━━━━━━━━━━━━━━━━━━━━━━━━━━━━━━━━━━━━━ 287.2/287.2 MB 1.5 MB/s eta 0:00:00
Downloading nvidia_nccl_cu12-2.27.5-py3-none-manylinux2014_x86_64.manylinux_2_17_x86_64.whl (322.3 MB)
   ━━━━━━━━━━━━━━━━━━━━━━━━━━━━━━━━━━━━━━━━ 322.3/322.3 MB 862.6 kB/s eta 0:00:00
Downloading nvidia_nvjitlink_cu12-12.8.93-py3-none-manylinux2010_x86_64.manylinux_2_12_x86_64.whl (39.3 MB)
   ━━━━━━━━━━━━━━━━━━━━━━━━━━━━━━━━━━━━━━━━ 39.3/39.3 MB 8.6 MB/s eta 0:00:00
Downloading nvidia_nvshmem_cu12-3.3.20-py3-none-manylinux2014_x86_64.manylinux_2_17_x86_64.whl (124.7 MB)
   ━━━━━━━━━━━━━━━━━━━━━━━━━━━━━━━━━━━━━━━━ 124.7/124.7 MB 1.4 MB/s eta 0:00:00
Downloading nvidia_nvtx_cu12-12.8.90-py3-none-manylinux2014_x86_64.manylinux_2_17_x86_64.whl (89 kB)
   ━━━━━━━━━━━━━━━━━━━━━━━━━━━━━━━━━━━━━━━━ 90.0/90.0 kB 2.5 MB/s eta 0:00:00
Downloading triton-3.5.1-cp312-cp312-manylinux_2_27_x86_64.manylinux_2_28_x86_64.whl (170.5 MB)
   ━━━━━━━━━━━━━━━━━━━━━━━━━━━━━━━━━━━━━━━━ 170.5/170.5 MB 1.6 MB/s eta 0:00:00
Downloading scikit_learn-1.7.2-cp312-cp312-manylinux2014_x86_64.manylinux_2_17_x86_64.whl (9.5 MB)
   ━━━━━━━━━━━━━━━━━━━━━━━━━━━━━━━━━━━━━━━━ 9.5/9.5 MB 20.9 MB/s eta 0:00:00
Downloading fsspec-2025.12.0-py3-none-any.whl (201 kB)
   ━━━━━━━━━━━━━━━━━━━━━━━━━━━━━━━━━━━━━━━━ 201.4/201.4 kB 8.9 MB/s eta 0:00:00
Downloading joblib-1.5.2-py3-none-any.whl (308 kB)
   ━━━━━━━━━━━━━━━━━━━━━━━━━━━━━━━━━━━━━━━━ 308.4/308.4 kB 10.5 MB/s eta 0:00:00
Downloading networkx-3.6-py3-none-any.whl (2.1 MB)
   ━━━━━━━━━━━━━━━━━━━━━━━━━━━━━━━━━━━━━━━━ 2.1/2.1 MB 17.1 MB/s eta 0:00:00
Downloading sympy-1.14.0-py3-none-any.whl (6.3 MB)
   ━━━━━━━━━━━━━━━━━━━━━━━━━━━━━━━━━━━━━━━━ 6.3/6.3 MB 18.4 MB/s eta 0:00:00
Downloading threadpoolctl-3.6.0-py3-none-any.whl (18 kB)
Downloading typing_extensions-4.15.0-py3-none-any.whl (44 kB)
   ━━━━━━━━━━━━━━━━━━━━━━━━━━━━━━━━━━━━━━━━ 44.6/44.6 kB 646.5 kB/s eta 0:00:00
Downloading filelock-3.20.0-py3-none-any.whl (16 kB)
Downloading jinja2-3.1.6-py3-none-any.whl (134 kB)
   ━━━━━━━━━━━━━━━━━━━━━━━━━━━━━━━━━━━━━━━━ 134.9/134.9 kB 5.2 MB/s eta 0:00:00
Downloading setuptools-80.9.0-py3-none-any.whl (1.2 MB)
   ━━━━━━━━━━━━━━━━━━━━━━━━━━━━━━━━━━━━━━━━ 1.2/1.2 MB 17.3 MB/s eta 0:00:00
Downloading markupsafe-3.0.3-cp312-cp312-manylinux2014_x86_64.manylinux_2_17_x86_64.manylinux_2_28_x86_64.whl (22 kB)
Downloading mpmath-1.3.0-py3-none-any.whl (536 kB)
   ━━━━━━━━━━━━━━━━━━━━━━━━━━━━━━━━━━━━━━━━ 536.2/536.2 kB 11.0 MB/s eta 0:00:00
Installing collected packages: nvidia-cusparselt-cu12, mpmath, typing-extensions, triton, threadpoolctl, sympy, setuptools, nvidia-nvtx-cu12, nvidia-nvshmem-cu12, nvidia-nvjitlink-cu12, nvidia-nccl-cu12, nvidia-curand-cu12, nvidia-cufile-cu12, nvidia-cuda-runtime-cu12, nvidia-cuda-nvrtc-cu12, nvidia-cuda-cupti-cu12, nvidia-cublas-cu12, networkx, MarkupSafe, joblib, fsspec, filelock, scikit-learn, nvidia-cusparse-cu12, nvidia-cufft-cu12, nvidia-cudnn-cu12, jinja2, nvidia-cusolver-cu12, torch

Successfully installed MarkupSafe-3.0.3 filelock-3.20.0 fsspec-2025.12.0 jinja2-3.1.6 joblib-1.5.2 mpmath-1.3.0 networkx-3.6 nvidia-cublas-cu12-12.8.4.1 nvidia-cuda-cupti-cu12-12.8.90 nvidia-cuda-nvrtc-cu12-12.8.93 nvidia-cuda-runtime-cu12-12.8.90 nvidia-cudnn-cu12-9.10.2.21 nvidia-cufft-cu12-11.3.3.83 nvidia-cufile-cu12-1.13.1.3 nvidia-curand-cu12-10.3.9.90 nvidia-cusolver-cu12-11.7.3.90 nvidia-cusparse-cu12-12.5.8.93 nvidia-cusparselt-cu12-0.7.1 nvidia-nccl-cu12-2.27.5 nvidia-nvjitlink-cu12-12.8.93 nvidia-nvshmem-cu12-3.3.20 nvidia-nvtx-cu12-12.8.90 scikit-learn-1.7.2 setuptools-80.9.0 sympy-1.14.0 threadpoolctl-3.6.0 torch-2.9.1 triton-3.5.1 typing-extensions-4.15.0
(venv) ftbuk@bukola-pc:~/Kitsune$
(venv) ftbuk@bukola-pc:~/Kitsune$ nano kitsune_fgsm_demo.py
(venv) ftbuk@bukola-pc:~/Kitsune$ python kitsune_make_dataset.py
Importing Scapy Library
tshark not found. Trying scapy...
Reading PCAP file via Scapy...
^CTraceback (most recent call last):
  File "/home/ftbuk/Kitsune/kitsune_make_dataset.py", line 12, in <module>
    kitsune = Kitsune(pcap_file, packet_limit, training_packets)
              ^^^^^^^^^^^^^^^^^^^^^^^^^^^^^^^^^^^^^^^^^^^^^^^^^^
  File "/home/ftbuk/Kitsune/Kitsune.py", line 29, in __init__
    self.FE = FE(file_path,limit)
              ^^^^^^^^^^^^^^^^^^^
  File "/home/ftbuk/Kitsune/FeatureExtractor.py", line 35, in __init__
    self.__prep__()
  File "/home/ftbuk/Kitsune/FeatureExtractor.py", line 105, in __prep__
    self.scapyin = rdpcap(self.path)
                   ^^^^^^^^^^^^^^^^^
  File "/home/ftbuk/Kitsune/venv/lib/python3.12/site-packages/scapy/utils.py", line 1346, in rdpcap
    return fdesc.read_all(count=count)
           ^^^^^^^^^^^^^^^^^^^^^^^^^^^
  File "/home/ftbuk/Kitsune/venv/lib/python3.12/site-packages/scapy/utils.py", line 1634, in read_all
    res = self._read_all(count)
          ^^^^^^^^^^^^^^^^^^^^^
  File "/home/ftbuk/Kitsune/venv/lib/python3.12/site-packages/scapy/utils.py", line 1542, in _read_all
    p = self.read_packet()  # type: Packet
        ^^^^^^^^^^^^^^^^^^
  File "/home/ftbuk/Kitsune/venv/lib/python3.12/site-packages/scapy/utils.py", line 1604, in read_packet
    p = self.LLcls(s, **kwargs)  # type: Packet
        ^^^^^^^^^^^^^^^^^^^^^^^
  File "/home/ftbuk/Kitsune/venv/lib/python3.12/site-packages/scapy/base_classes.py", line 481, in __call__
    i.__init__(*args, **kargs)
  File "/home/ftbuk/Kitsune/venv/lib/python3.12/site-packages/scapy/packet.py", line 186, in __init__
    self.dissect(_pkt)
  File "/home/ftbuk/Kitsune/venv/lib/python3.12/site-packages/scapy/packet.py", line 1089, in dissect
    self.do_dissect_payload(payl)
  File "/home/ftbuk/Kitsune/venv/lib/python3.12/site-packages/scapy/packet.py", line 1059, in do_dissect_payload
    p = cls(
        ^^^^
  File "/home/ftbuk/Kitsune/venv/lib/python3.12/site-packages/scapy/base_classes.py", line 481, in __call__
    i.__init__(*args, **kargs)
  File "/home/ftbuk/Kitsune/venv/lib/python3.12/site-packages/scapy/packet.py", line 186, in __init__
    self.dissect(_pkt)
  File "/home/ftbuk/Kitsune/venv/lib/python3.12/site-packages/scapy/packet.py", line 1089, in dissect
    self.do_dissect_payload(payl)
  File "/home/ftbuk/Kitsune/venv/lib/python3.12/site-packages/scapy/packet.py", line 1059, in do_dissect_payload
    p = cls(
        ^^^^
  File "/home/ftbuk/Kitsune/venv/lib/python3.12/site-packages/scapy/base_classes.py", line 481, in __call__
    i.__init__(*args, **kargs)
  File "/home/ftbuk/Kitsune/venv/lib/python3.12/site-packages/scapy/packet.py", line 177, in __init__
    self.raw_packet_cache = None  # type: Optional[bytes]
    ^^^^^^^^^^^^^^^^^^^^^
  File "/home/ftbuk/Kitsune/venv/lib/python3.12/site-packages/scapy/packet.py", line 512, in __setattr__
    return object.__setattr__(self, attr, val)
           ^^^^^^^^^^^^^^^^^^^^^^^^^^^^^^^^^^^
KeyboardInterrupt

(venv) ftbuk@bukola-pc:~/Kitsune$ nano kitsune_threshold_visualization.py
(venv) ftbuk@bukola-pc:~/Kitsune$ python kitsune_threshold_visualization.py
Traceback (most recent call last):
  File "/home/ftbuk/Kitsune/kitsune_threshold_visualization.py", line 5, in <module>
    data = np.load("kitsune_dataset.npz")
           ^^^^^^^^^^^^^^^^^^^^^^^^^^^^^^
  File "/home/ftbuk/Kitsune/venv/lib/python3.12/site-packages/numpy/lib/npyio.py", line 427, in load
    fid = stack.enter_context(open(os_fspath(file), "rb"))
                              ^^^^^^^^^^^^^^^^^^^^^^^^^^^
FileNotFoundError: [Errno 2] No such file or directory: 'kitsune_dataset.npz'
(venv) ftbuk@bukola-pc: